// Vitest Snapshot v1, https://vitest.dev/guide/snapshot.html

exports[`dumi-assets-types transformer 1`] = `
{
  "components": {
    "AnonymousFComponent": {
      "eventsConfig": {
        "properties": {
          "sendMessage": {
            "description": undefined,
            "signature": {
              "arguments": [
                {
                  "hasQuestionToken": false,
                  "key": "message",
                  "type": "string",
                },
              ],
              "isAsync": false,
              "returnType": {
                "type": "void",
              },
            },
            "tags": {},
            "title": "sendMessage",
            "type": "function",
          },
        },
        "type": "object",
      },
      "id": "AnonymousFComponent",
      "imperativeConfig": {
        "properties": {},
        "type": "object",
      },
      "propsConfig": {
        "properties": {
          "message": {
            "description": "",
            "tags": {},
            "title": "message",
            "type": "string",
          },
        },
        "required": [
          "message",
        ],
        "type": "object",
      },
      "slotsConfig": {
        "properties": {
          "default": {
            "description": "",
            "tags": {},
            "title": "default",
            "type": "any",
          },
        },
        "type": "object",
      },
      "title": "AnonymousFComponent",
      "type": "COMPONENT",
    },
    "Foo": {
      "eventsConfig": {
        "properties": {
          "change": {
            "description": undefined,
            "signature": {
              "arguments": [
                {
                  "hasQuestionToken": true,
                  "key": "payload",
                  "type": "{ name: string; }",
                },
              ],
              "isAsync": false,
              "returnType": {
                "type": "void",
              },
            },
            "tags": {},
            "title": "change",
            "type": "function",
          },
          "click": {
            "description": "click event",
            "signature": {
              "arguments": [
                {
                  "hasQuestionToken": false,
                  "key": "e",
                  "type": "MouseEvent",
                },
                {
                  "hasQuestionToken": true,
                  "key": "extra",
                  "type": "string",
                },
              ],
              "isAsync": false,
              "returnType": {
                "type": "void",
              },
            },
            "tags": {},
            "title": "click",
            "type": "function",
          },
          "confirm": {
            "description": "",
            "signature": {
              "arguments": [
                {
                  "hasQuestionToken": false,
                  "key": "output",
                  "type": "{ children: any[]; }",
                },
              ],
              "isAsync": false,
              "returnType": {
                "type": "void",
              },
            },
            "tags": {},
            "title": "confirm",
            "type": "function",
          },
        },
        "type": "object",
      },
      "id": "Foo",
      "imperativeConfig": {
        "properties": {
          "count": {
            "description": "",
            "tags": {
              "blockTags": [
                {
                  "content": [
                    {
                      "kind": "text",
                      "text": "will be released in 0.0.1",
                    },
                  ],
                  "tag": "deprecated",
                },
              ],
            },
            "title": "count",
            "type": "number",
          },
          "focus": {
            "description": "The signature of the expose api should be obtained from here",
            "signature": {
              "arguments": [],
              "isAsync": false,
              "returnType": {
                "type": "void",
              },
            },
            "tags": {
              "modifierTags": [
                "alpha",
              ],
            },
            "title": "focus",
            "type": "function",
          },
        },
        "type": "object",
      },
      "propsConfig": {
        "properties": {
          "a": {
            "default": [],
            "description": "",
            "items": {
              "properties": {
                "a": {
                  "description": "",
                  "properties": {
                    "id": {
                      "description": "",
                      "tags": {},
                      "title": "id",
                      "type": "string",
                    },
                  },
                  "required": [
                    "id",
                  ],
                  "tags": {},
                  "title": "a",
                  "type": "object",
                },
              },
              "required": [
                "a",
              ],
              "type": "object",
            },
            "tags": {},
            "title": "a",
            "type": "array",
          },
          "b": {
            "default": {},
            "description": "",
            "properties": {
              "c": {
                "description": "",
                "tags": {},
                "title": "c",
                "type": "string",
              },
            },
            "required": [],
            "tags": {
              "blockTags": [
                {
                  "content": [
                    {
                      "kind": "text",
                      "text": "{}",
                    },
                  ],
                  "tag": "default",
                },
              ],
            },
            "title": "b",
            "type": "object",
          },
          "c": {
            "description": "",
            "oneOf": [
              {
                "const": "\\"1\\"",
              },
              {
                "const": "\\"2\\"",
              },
              {
                "const": "\\"3\\"",
              },
            ],
            "tags": {
              "modifierTags": [
                "experimental",
              ],
            },
            "title": "c",
          },
          "d": {
            "default": 1,
            "description": "",
            "tags": {
              "blockTags": [
                {
                  "content": [],
                  "tag": "deprecated",
                },
              ],
            },
            "title": "d",
            "type": "number",
          },
          "dom": {
            "default": null,
            "description": "",
            "tags": {
              "blockTags": [
                {
                  "content": [
                    {
                      "kind": "text",
                      "text": "0.0.1",
                    },
                  ],
                  "tag": "since",
                },
              ],
            },
            "title": "dom",
            "type": "HTMLElement",
          },
          "e": {
            "description": "",
            "oneOf": [
              {
                "properties": {
                  "a": {
                    "description": "",
                    "properties": {
                      "id": {
                        "description": "",
                        "tags": {},
                        "title": "id",
                        "type": "string",
                      },
                    },
                    "required": [
                      "id",
                    ],
                    "tags": {},
                    "title": "a",
                    "type": "object",
                  },
                },
                "required": [
                  "a",
                ],
                "type": "object",
              },
              {
                "const": "1",
              },
            ],
            "tags": {
              "modifierTags": [
                "beta",
              ],
            },
            "title": "e",
          },
          "func": {
            "description": "",
            "signature": {
              "arguments": [
                {
                  "hasQuestionToken": false,
                  "key": "args",
                  "type": "PromiseArgs",
                },
              ],
              "isAsync": true,
              "returnType": "Promise<{ type?: string; }>",
            },
            "tags": {
              "blockTags": [
                {
                  "content": [],
                  "tag": "description",
                },
              ],
              "modifierTags": [
                "alpha",
              ],
            },
            "title": "func",
            "type": "function",
          },
          "order": {
            "default": 0,
            "description": "顺序",
            "tags": {
              "blockTags": [
                {
                  "content": [
                    {
                      "kind": "text",
                      "text": "顺序",
                    },
                  ],
                  "tag": "description",
                },
              ],
            },
            "title": "order",
            "type": "number",
          },
          "title": {
            "default": "",
            "description": "标题",
            "tags": {
              "blockTags": [
                {
                  "content": [
                    {
                      "kind": "text",
                      "text": "标题",
                    },
                  ],
                  "tag": "description",
                },
                {
                  "content": [
                    {
                      "kind": "text",
                      "text": "''",
                    },
                  ],
                  "tag": "default",
                },
              ],
            },
            "title": "title",
            "type": "string",
          },
        },
        "required": [
          "b",
          "title",
          "order",
          "a",
        ],
        "type": "object",
      },
      "slotsConfig": {
        "properties": {
          "icon": {
            "description": "icon",
            "tags": {
              "blockTags": [
                {
                  "content": [
                    {
                      "kind": "text",
                      "text": "icon",
                    },
                  ],
                  "tag": "description",
                },
              ],
              "modifierTags": [
                "experimental",
              ],
            },
            "title": "icon",
            "type": "any",
          },
          "item": {
            "description": "item",
            "properties": {
              "extra": {
                "description": "",
                "tags": {},
                "title": "extra",
                "type": "boolean",
              },
              "list": {
                "description": "",
                "items": {
                  "type": "string",
                },
                "tags": {},
                "title": "list",
                "type": "array",
              },
            },
            "required": [
              "list",
            ],
            "tags": {
              "blockTags": [
                {
                  "content": [],
                  "tag": "deprecated",
                },
              ],
            },
            "title": "item",
            "type": "object",
          },
        },
        "type": "object",
      },
      "title": "Foo",
      "type": "COMPONENT",
    },
    "FooSfc": {
      "eventsConfig": {
        "properties": {
          "change": {
            "description": undefined,
            "signature": {
              "arguments": [
                {
                  "hasQuestionToken": false,
                  "key": "payload",
                  "type": "{ name: string; }",
                },
              ],
              "isAsync": false,
              "returnType": {
                "type": "void",
              },
            },
            "tags": {},
            "title": "change",
            "type": "function",
          },
          "click": {
            "description": undefined,
            "signature": {
              "arguments": [
                {
                  "hasQuestionToken": false,
                  "key": "event",
                  "type": "MouseEvent",
                },
                {
                  "hasQuestionToken": true,
                  "key": "extra",
                  "type": "string",
                },
              ],
              "isAsync": false,
              "returnType": {
                "type": "void",
              },
            },
            "tags": {},
            "title": "click",
            "type": "function",
          },
          "confirm": {
            "description": "",
            "signature": {
              "arguments": [
                {
                  "hasQuestionToken": false,
                  "key": "output",
                  "type": "{ children: any[]; }",
                },
              ],
              "isAsync": false,
              "returnType": {
                "type": "void",
              },
            },
            "tags": {},
            "title": "confirm",
            "type": "function",
          },
        },
        "type": "object",
      },
      "id": "FooSfc",
      "imperativeConfig": {
        "properties": {
          "count": {
            "description": "",
            "tags": {
              "blockTags": [
                {
                  "content": [
                    {
                      "kind": "text",
                      "text": "will be released in 0.0.1",
                    },
                  ],
                  "tag": "deprecated",
                },
              ],
            },
            "title": "count",
            "type": "number",
          },
          "focus": {
            "description": "The signature of the expose api should be obtained from here",
            "signature": {
              "arguments": [],
              "isAsync": false,
              "returnType": {
                "type": "void",
              },
            },
            "tags": {
              "blockTags": [
                {
                  "content": [
                    {
                      "kind": "text",
                      "text": "The signature of the expose api should be obtained from here",
                    },
                  ],
                  "tag": "description",
                },
              ],
              "modifierTags": [
                "alpha",
              ],
            },
            "title": "focus",
            "type": "function",
          },
        },
        "type": "object",
      },
      "propsConfig": {
        "properties": {
          "a": {
            "default": [],
            "description": "",
            "items": {
              "properties": {
                "a": {
                  "description": "",
                  "properties": {
                    "id": {
                      "description": "",
                      "tags": {},
                      "title": "id",
                      "type": "string",
                    },
                  },
                  "required": [
                    "id",
                  ],
                  "tags": {},
                  "title": "a",
                  "type": "object",
                },
              },
              "required": [
                "a",
              ],
              "type": "object",
            },
            "tags": {},
            "title": "a",
            "type": "array",
          },
          "b": {
            "default": {},
            "description": "",
            "properties": {
              "c": {
                "description": "",
                "tags": {},
                "title": "c",
                "type": "string",
              },
            },
            "required": [],
            "tags": {
              "blockTags": [
                {
                  "content": [
                    {
                      "kind": "text",
                      "text": "{}",
                    },
                  ],
                  "tag": "default",
                },
              ],
            },
            "title": "b",
            "type": "object",
          },
          "c": {
            "description": "",
            "oneOf": [
              {
                "const": "\\"1\\"",
              },
              {
                "const": "\\"2\\"",
              },
              {
                "const": "\\"3\\"",
              },
            ],
            "tags": {
              "modifierTags": [
                "experimental",
              ],
            },
            "title": "c",
          },
          "d": {
            "default": 1,
            "description": "",
            "tags": {
              "blockTags": [
                {
                  "content": [],
                  "tag": "deprecated",
                },
              ],
            },
            "title": "d",
            "type": "number",
          },
          "dom": {
            "default": null,
            "description": "",
            "tags": {
              "blockTags": [
                {
                  "content": [
                    {
                      "kind": "text",
                      "text": "0.0.1",
                    },
                  ],
                  "tag": "since",
                },
              ],
            },
            "title": "dom",
            "type": "HTMLElement",
          },
          "e": {
            "description": "",
            "oneOf": [
              {
                "properties": {
                  "a": {
                    "description": "",
                    "properties": {
                      "id": {
                        "description": "",
                        "tags": {},
                        "title": "id",
                        "type": "string",
                      },
                    },
                    "required": [
                      "id",
                    ],
                    "tags": {},
                    "title": "a",
                    "type": "object",
                  },
                },
                "required": [
                  "a",
                ],
                "type": "object",
              },
              {
                "const": "1",
              },
            ],
            "tags": {
              "modifierTags": [
                "beta",
              ],
            },
            "title": "e",
          },
          "func": {
            "description": "",
            "signature": {
              "arguments": [
                {
                  "hasQuestionToken": false,
                  "key": "args",
                  "type": "PromiseArgs",
                },
              ],
              "isAsync": true,
              "returnType": "Promise<{ type?: string; }>",
            },
            "tags": {
              "blockTags": [
                {
                  "content": [],
                  "tag": "description",
                },
              ],
              "modifierTags": [
                "alpha",
              ],
            },
            "title": "func",
            "type": "function",
          },
          "order": {
            "default": 0,
            "description": "顺序",
            "tags": {
              "blockTags": [
                {
                  "content": [
                    {
                      "kind": "text",
                      "text": "顺序",
                    },
                  ],
                  "tag": "description",
                },
              ],
            },
            "title": "order",
            "type": "number",
          },
          "title": {
            "default": "",
            "description": "标题",
            "tags": {
              "blockTags": [
                {
                  "content": [
                    {
                      "kind": "text",
                      "text": "标题",
                    },
                  ],
                  "tag": "description",
                },
                {
                  "content": [
                    {
                      "kind": "text",
                      "text": "''",
                    },
                  ],
                  "tag": "default",
                },
              ],
            },
            "title": "title",
            "type": "string",
          },
        },
        "required": [
          "b",
          "title",
          "order",
          "a",
        ],
        "type": "object",
      },
      "slotsConfig": {
        "properties": {
          "icon": {
            "description": "icon",
            "tags": {
              "blockTags": [
                {
                  "content": [
                    {
                      "kind": "text",
                      "text": "icon",
                    },
                  ],
                  "tag": "description",
                },
              ],
              "modifierTags": [
                "experimental",
              ],
            },
            "title": "icon",
            "type": "any",
          },
          "item": {
            "description": "item",
            "properties": {
              "extra": {
                "description": "",
                "tags": {},
                "title": "extra",
                "type": "boolean",
              },
              "list": {
                "description": "",
                "items": {
                  "type": "string",
                },
                "tags": {},
                "title": "list",
                "type": "array",
              },
            },
            "required": [
              "list",
            ],
            "tags": {
              "blockTags": [
                {
                  "content": [],
                  "tag": "deprecated",
                },
              ],
            },
            "title": "item",
            "type": "object",
          },
        },
        "type": "object",
      },
      "title": "FooSfc",
      "type": "COMPONENT",
    },
    "InternalComponent": {
      "eventsConfig": {
        "properties": {},
        "type": "object",
      },
      "id": "InternalComponent",
      "imperativeConfig": {
        "properties": {},
        "type": "object",
      },
      "propsConfig": {
        "properties": {
          "a": {
            "description": "",
            "tags": {},
            "title": "a",
            "type": "string",
          },
        },
        "required": [
          "a",
        ],
        "type": "object",
      },
      "slotsConfig": {
        "properties": {},
        "type": "object",
      },
      "title": "InternalComponent",
      "type": "COMPONENT",
    },
    "List": {
      "eventsConfig": {
        "properties": {
          "loaded": {
            "description": "",
            "signature": {
              "arguments": [
                {
                  "hasQuestionToken": false,
                  "key": "data",
                  "type": "Item[]",
                },
              ],
              "isAsync": false,
              "returnType": {
                "type": "void",
              },
            },
            "tags": {},
            "title": "loaded",
            "type": "function",
          },
        },
        "type": "object",
      },
      "id": "List",
      "imperativeConfig": {
        "properties": {},
        "type": "object",
      },
      "propsConfig": {
        "properties": {
          "source": {
            "description": "",
            "signature": {
              "arguments": [],
              "isAsync": false,
              "returnType": {
                "oneOf": [
                  {
                    "items": {
                      "properties": {
                        "id": {
                          "description": "",
                          "oneOf": [
                            {
                              "type": "string",
                            },
                            {
                              "type": "number",
                            },
                          ],
                          "tags": {},
                          "title": "id",
                        },
                        "text": {
                          "description": "",
                          "tags": {},
                          "title": "text",
                          "type": "string",
                        },
                      },
                      "required": [
                        "id",
                        "text",
                      ],
                      "type": "object",
                    },
                    "type": "array",
                  },
                  {
                    "type": "Promise<BaseItem[]>",
                  },
                ],
              },
            },
            "tags": {},
            "title": "source",
            "type": "function",
          },
        },
        "required": [
          "source",
        ],
        "type": "object",
      },
      "slotsConfig": {
        "properties": {},
        "type": "object",
      },
      "title": "List",
      "type": "COMPONENT",
    },
    "NamedFComponent": {
      "eventsConfig": {
        "properties": {
          "sendMessage": {
            "description": undefined,
            "signature": {
              "arguments": [
                {
                  "hasQuestionToken": false,
                  "key": "message",
                  "type": "string",
                },
              ],
              "isAsync": false,
              "returnType": {
                "type": "void",
              },
            },
            "tags": {},
            "title": "sendMessage",
            "type": "function",
          },
        },
        "type": "object",
      },
      "id": "NamedFComponent",
      "imperativeConfig": {
        "properties": {},
        "type": "object",
      },
      "propsConfig": {
        "properties": {
          "message": {
            "description": "",
            "tags": {},
            "title": "message",
            "type": "string",
          },
        },
        "required": [
          "message",
        ],
        "type": "object",
      },
      "slotsConfig": {
        "properties": {
          "default": {
            "description": "",
            "tags": {},
            "title": "default",
            "type": "any",
          },
        },
        "type": "object",
      },
      "title": "NamedFComponent",
      "type": "COMPONENT",
    },
  },
  "functions": {
    "fooFunc": {
      "id": "fooFunc",
      "signature": {
        "arguments": [
          {
            "hasQuestionToken": false,
            "key": "a",
            "type": "string",
          },
        ],
        "isAsync": false,
        "returnType": {
          "type": "string",
        },
      },
      "title": "fooFunc",
      "type": "FUNCTION",
    },
    "useInternalValue": {
      "id": "useInternalValue",
      "signature": {
        "arguments": [
          {
            "hasQuestionToken": false,
            "key": "upstreamValue",
            "type": "() => T",
          },
          {
            "hasQuestionToken": false,
            "key": "updator",
            "type": "(upstreamValue: T, oldValue?: T) => T",
          },
          {
            "hasQuestionToken": false,
            "key": "equal",
            "type": "(internalValue: T, newValue: T) => boolean",
          },
        ],
        "isAsync": false,
        "returnType": "ShallowRef<T>",
      },
      "title": "useInternalValue",
      "type": "FUNCTION",
    },
    "useVNode": {
      "id": "useVNode",
      "signature": {
        "arguments": [],
        "isAsync": false,
        "returnType": "VNode<RendererNode, RendererElement, { [key: string]: any; }>",
      },
      "title": "useVNode",
      "type": "FUNCTION",
    },
  },
}
`;
